../Core/Src/main.c:80:5:main	8	static
../Core/Src/main.c:130:6:SystemClock_Config	112	static
../Core/Src/main.c:188:13:MX_ADC_Init	16	static
../Core/Src/main.c:244:13:MX_LPTIM1_Init	8	static
../Core/Src/main.c:276:13:MX_LPUART1_UART_Init	8	static
../Core/Src/main.c:310:13:MX_RTC_Init	72	static
../Core/Src/main.c:393:13:MX_TIM2_Init	32	static
../Core/Src/main.c:442:13:MX_TIM21_Init	32	static
../Core/Src/main.c:487:13:MX_GPIO_Init	48	static
../Core/Src/main.c:553:6:Error_Handler	8	static,ignoring_inline_asm
