../Core/Src/stm32l0xx_hal_msp.c:66:6:HAL_MspInit	8	static
../Core/Src/stm32l0xx_hal_msp.c:94:6:HAL_ADC_MspInit	48	static
../Core/Src/stm32l0xx_hal_msp.c:128:6:HAL_ADC_MspDeInit	16	static
../Core/Src/stm32l0xx_hal_msp.c:156:6:HAL_LPTIM_MspInit	16	static
../Core/Src/stm32l0xx_hal_msp.c:182:6:HAL_LPTIM_MspDeInit	16	static
../Core/Src/stm32l0xx_hal_msp.c:207:6:HAL_UART_MspInit	48	static
../Core/Src/stm32l0xx_hal_msp.c:244:6:HAL_UART_MspDeInit	16	static
../Core/Src/stm32l0xx_hal_msp.c:273:6:HAL_RTC_MspInit	16	static
../Core/Src/stm32l0xx_hal_msp.c:299:6:HAL_RTC_MspDeInit	16	static
../Core/Src/stm32l0xx_hal_msp.c:324:6:HAL_TIM_PWM_MspInit	16	static
../Core/Src/stm32l0xx_hal_msp.c:350:6:HAL_TIM_Base_MspInit	16	static
../Core/Src/stm32l0xx_hal_msp.c:370:6:HAL_TIM_MspPostInit	48	static
../Core/Src/stm32l0xx_hal_msp.c:402:6:HAL_TIM_PWM_MspDeInit	16	static
../Core/Src/stm32l0xx_hal_msp.c:427:6:HAL_TIM_Base_MspDeInit	16	static
