../Core/Src/stm32l0xx_it.c:72:6:NMI_Handler	8	static
../Core/Src/stm32l0xx_it.c:87:6:HardFault_Handler	8	static
../Core/Src/stm32l0xx_it.c:102:6:SVC_Handler	8	static
../Core/Src/stm32l0xx_it.c:115:6:PendSV_Handler	8	static
../Core/Src/stm32l0xx_it.c:128:6:SysTick_Handler	8	static
../Core/Src/stm32l0xx_it.c:149:6:RTC_IRQHandler	8	static
../Core/Src/stm32l0xx_it.c:163:6:RCC_IRQHandler	8	static
../Core/Src/stm32l0xx_it.c:176:6:EXTI4_15_IRQHandler	8	static
../Core/Src/stm32l0xx_it.c:191:6:LPTIM1_IRQHandler	8	static
../Core/Src/stm32l0xx_it.c:205:6:TIM2_IRQHandler	8	static
../Core/Src/stm32l0xx_it.c:219:6:TIM21_IRQHandler	8	static
