../App/app_main.c:2:6:app_main	8	static
../App/app_main.c:12:6:HAL_GPIO_EXTI_Callback	16	static
../App/app_main.c:44:6:HAL_RTC_AlarmAEventCallback	16	static
../App/app_main.c:53:6:HAL_TIM_PeriodElapsedCallback	16	static
../App/app_main.c:64:6:HAL_LPTIM_CompareMatchCallback	16	static
../App/app_main.c:72:6:initSystem	24	static
../App/app_main.c:97:6:processState	32	static
../App/app_main.c:183:6:openValve	16	static
../App/app_main.c:202:6:closeValve	16	static
../App/app_main.c:220:6:resetFloodEvent	16	static
../App/app_main.c:237:10:measureBattery	16	static
../App/app_main.c:264:6:monitorBattery	24	static
../App/app_main.c:294:6:statusled	8	static
../App/app_main.c:304:6:batteryled	8	static
../App/app_main.c:314:6:batteryAlarm	8	static
../App/app_main.c:323:6:RTC_AlarmConfig	88	static
../App/app_main.c:358:6:alert	8	static
../App/app_main.c:366:6:removeFloodAlert	8	static
../App/app_main.c:381:6:console	16	static
