../App/app_main.c:2:6:app_main	8	static
../App/app_main.c:12:6:HAL_GPIO_EXTI_Callback	16	static
../App/app_main.c:44:6:HAL_RTC_AlarmAEventCallback	16	static
../App/app_main.c:53:6:HAL_TIM_PeriodElapsedCallback	16	static
../App/app_main.c:64:6:HAL_LPTIM_CompareMatchCallback	16	static
../App/app_main.c:72:6:initSystem	24	static
../App/app_main.c:97:6:processState	32	static
../App/app_main.c:186:6:openValve	8	static
../App/app_main.c:200:6:closeValve	8	static
../App/app_main.c:214:6:resetFloodEvent	16	static
../App/app_main.c:231:10:measureBattery	16	static
../App/app_main.c:258:6:monitorBattery	24	static
../App/app_main.c:289:6:statusled	8	static
../App/app_main.c:299:6:batteryled	8	static
../App/app_main.c:309:6:batteryAlarm	8	static
../App/app_main.c:318:6:RTC_AlarmConfig	88	static
../App/app_main.c:353:6:alert	8	static
../App/app_main.c:361:6:removeFloodAlert	8	static
../App/app_main.c:376:6:console	16	static
